# -*- shell-script -*- Tell emacs to pretend that this is shell-script
MAP
  NAME CUGOS
  UNITS METERS
  EXTENT -8200000 4990000 -7800000 6050000
  STATUS ON
  SIZE 512 512
  IMAGECOLOR 255 255 255
  IMAGETYPE PNG

  # This is for the WMS requests
  #OUTPUTFORMAT
  #  NAME PNG
  #  DRIVER 'GD/PNG'
  #  MIMETYPE 'image/png'
  #  IMAGEMODE RGBA
  #  EXTENSION "png"
  #  TRANSPARENT ON
  #END

  PROJECTION
   "init=epsg:900913"
  END

  WEB
    IMAGEPATH "/mnt/data/projects/june2012/server/ms_tmp/"
    IMAGEURL "/ms_tmp/"
    LOG "/mnt/data/projects/june2012/server/logs/mapserver.log"
    METADATA
      ows_enable_request "*"
      WMS_FEATURE_INFO_MIME_TYPE "text/html"
      OWS_FEATURE_INFO_MIME_TYPE "text/html"
      WMS_INCLUDE_ITEMS "text/html"
      WMS_TITLE "CUGOS"
      WMS_ABSTRACT "CUGOS Demo"
      WMS_ACCESSCONSTRAINTS "none"
      WMS_ONLINERESOURCE "http://june2012.cugos.org/wms/cugos?"
      WMS_SRS "EPSG:900913 EPSG:4326"
    END
  END

  FONTSET /mnt/data/projects/june2012/server/fonts/fontset.txt

  LEGEND
    STATUS ON
    IMAGECOLOR 229 227 223
    KEYSIZE 20 12
    LABEL
      FONT "LucidaSansRegular"
      TYPE truetype
      PARTIALS false
      BUFFER 1
      COLOR 0 0 0
      SIZE 9
      OFFSET 1 -2
      ANTIALIAS true
      WRAP '|'
    END
  END

  SYMBOL
    NAME 'circle'
    TYPE ellipse
    FILLED true
    POINTS
      1 1
    END
  END
  #
  # BEGIN LAYER DESCRIPTIONS
  #
  LAYER
    NAME "LANGLEY_PARCEL"
    CONNECTIONTYPE POSTGIS
    PROCESSING "CLOSE_CONNECTION=DEFER"
    CONNECTION "user=aaronr password='aaronr' dbname=june2012 host=localhost"
    DATA "the_geom from langley_parcel"
    PROJECTION
      "init=epsg:4326"
    END
  
    TYPE POLYGON
    STATUS ON
    DUMP TRUE
    HEADER "/mnt/data/projects/june2012/server/mapfiles/templates/parcel_header.html"
    FOOTER "/mnt/data/projects/june2012/server/mapfiles/templates/parcel_footer.html"
    TEMPLATE "/mnt/data/projects/june2012/server/mapfiles/templates/parcel.html"
    TOLERANCE 15
    OPACITY 40
    CLASS
      NAME "parcels"
      STYLE
        OUTLINECOLOR 255 255 255
        COLOR 0 150 150
        WIDTH 1
      END
    END
    METADATA
      WMS_TITLE "LANGLEY_PARCEL"
      WMS_ABSTRACT "Langley Parcels"
      WMS_SRS "epsg:900913"
      GML_INCLUDE_ITEMS "all"
      GML_EXCLUDE_ITEMS "the_geom"
    END
  END

END

